// Vitest Snapshot v1, https://vitest.dev/guide/snapshot.html

exports[`Preview component (SSR) > forwards additional attributes 1`] = `
"<!DOCTYPE html PUBLIC "-//W3C//DTD XHTML 1.0 Transitional//EN" "http://www.w3.org/TR/xhtml1/DTD/xhtml1-transitional.dtd">

<div style="display:none;overflow:hidden;line-height:1px;opacity:0;max-height:0;max-width:0" data-testid="preview-test" children="Preview content"> ‌​‍‎‏﻿ ‌​‍‎‏﻿ ‌​‍‎‏﻿ ‌​‍‎‏﻿ ‌​‍‎‏﻿ ‌​‍‎‏﻿ ‌​‍‎‏﻿ ‌​‍‎‏﻿ ‌​‍‎‏﻿ ‌​‍‎‏﻿ ‌​‍‎‏﻿ ‌​‍‎‏﻿ ‌​‍‎‏﻿ ‌​‍‎‏﻿ ‌​‍‎‏﻿ ‌​‍‎‏﻿ ‌​‍‎‏﻿ ‌​‍‎‏﻿ ‌​‍‎‏﻿ ‌​‍‎‏﻿ ‌​‍‎‏﻿ ‌​‍‎‏﻿ ‌​‍‎‏﻿ ‌​‍‎‏﻿ ‌​‍‎‏﻿ ‌​‍‎‏﻿ ‌​‍‎‏﻿ ‌​‍‎‏﻿ ‌​‍‎‏﻿ ‌​‍‎‏﻿ ‌​‍‎‏﻿ ‌​‍‎‏﻿ ‌​‍‎‏﻿ ‌​‍‎‏﻿ ‌​‍‎‏﻿ ‌​‍‎‏﻿ ‌​‍‎‏﻿ ‌​‍‎‏﻿ ‌​‍‎‏﻿ ‌​‍‎‏﻿ ‌​‍‎‏﻿ ‌​‍‎‏﻿ ‌​‍‎‏﻿ ‌​‍‎‏﻿ ‌​‍‎‏﻿ ‌​‍‎‏﻿ ‌​‍‎‏﻿ ‌​‍‎‏﻿ ‌​‍‎‏﻿ ‌​‍‎‏﻿ ‌​‍‎‏﻿ ‌​‍‎‏﻿ ‌​‍‎‏﻿ ‌​‍‎‏﻿ ‌​‍‎‏﻿ ‌​‍‎‏﻿ ‌​‍‎‏﻿ ‌​‍‎‏﻿ ‌​‍‎‏﻿ ‌​‍‎‏﻿ ‌​‍‎‏﻿ ‌​‍‎‏﻿ ‌​‍‎‏﻿ ‌​‍‎‏﻿ ‌​‍‎‏﻿ ‌​‍‎‏﻿ ‌​‍‎‏﻿ ‌​‍‎‏﻿ ‌​‍‎‏﻿ ‌​‍‎‏﻿ ‌​‍‎‏﻿ ‌​‍‎‏﻿ ‌​‍‎‏﻿ ‌​‍‎‏﻿ ‌​‍‎‏﻿ ‌​‍‎‏﻿ ‌​‍‎‏﻿ ‌​‍‎‏﻿ ‌​‍‎‏﻿ ‌​‍‎‏﻿ ‌​‍‎‏﻿ ‌​‍‎‏﻿ ‌​‍‎‏﻿ ‌​‍‎‏﻿ ‌​‍‎‏﻿ ‌​‍‎‏﻿ ‌​‍‎‏﻿ ‌​‍‎‏﻿ ‌​‍‎‏﻿ ‌​‍‎‏﻿ ‌​‍‎‏﻿ ‌​‍‎‏﻿ ‌​‍‎‏﻿ ‌​‍‎‏﻿ ‌​‍‎‏﻿ ‌​‍‎‏﻿ ‌​‍‎‏﻿ ‌​‍‎‏﻿ ‌​‍‎‏﻿ ‌​‍‎‏﻿ ‌​‍‎‏﻿ ‌​‍‎‏﻿ ‌​‍‎‏﻿ ‌​‍‎‏﻿ ‌​‍‎‏﻿ ‌​‍‎‏﻿ ‌​‍‎‏﻿ ‌​‍‎‏﻿ ‌​‍‎‏﻿ ‌​‍‎‏﻿ ‌​‍‎‏﻿ ‌​‍‎‏﻿ ‌​‍‎‏﻿ ‌​‍‎‏﻿ ‌​‍‎‏﻿ ‌​‍‎‏﻿ ‌​‍‎‏﻿ ‌​‍‎‏﻿ ‌​‍‎‏﻿ ‌​‍‎‏﻿ ‌​‍‎‏﻿ ‌​‍‎‏﻿ ‌​‍‎‏﻿ ‌​‍‎‏﻿ ‌​‍‎‏﻿ ‌​‍‎‏﻿ ‌​‍‎‏﻿ ‌​‍‎‏﻿ ‌​‍‎‏﻿ ‌​‍‎‏﻿ ‌​‍‎‏﻿ ‌​‍‎‏﻿ ‌​‍‎‏﻿ ‌​‍‎‏﻿ ‌​‍‎‏﻿ ‌​‍‎‏﻿ ‌​‍‎‏﻿ ‌​‍‎‏﻿ ‌​‍‎‏﻿ ‌​‍‎‏﻿ ‌​‍‎‏﻿ ‌​‍‎‏﻿ ‌​‍‎‏﻿ ‌​‍‎‏﻿ ‌​‍‎‏﻿ ‌​‍‎‏﻿ ‌​‍‎‏﻿ ‌​‍‎‏﻿ ‌​‍‎‏﻿ ‌​‍‎‏﻿</div>"
`;

exports[`Preview component (SSR) > renders preview text correctly 1`] = `
"<!DOCTYPE html PUBLIC "-//W3C//DTD XHTML 1.0 Transitional//EN" "http://www.w3.org/TR/xhtml1/DTD/xhtml1-transitional.dtd">

<div style="display:none;overflow:hidden;line-height:1px;opacity:0;max-height:0;max-width:0" children="Email preview text"> ‌​‍‎‏﻿ ‌​‍‎‏﻿ ‌​‍‎‏﻿ ‌​‍‎‏﻿ ‌​‍‎‏﻿ ‌​‍‎‏﻿ ‌​‍‎‏﻿ ‌​‍‎‏﻿ ‌​‍‎‏﻿ ‌​‍‎‏﻿ ‌​‍‎‏﻿ ‌​‍‎‏﻿ ‌​‍‎‏﻿ ‌​‍‎‏﻿ ‌​‍‎‏﻿ ‌​‍‎‏﻿ ‌​‍‎‏﻿ ‌​‍‎‏﻿ ‌​‍‎‏﻿ ‌​‍‎‏﻿ ‌​‍‎‏﻿ ‌​‍‎‏﻿ ‌​‍‎‏﻿ ‌​‍‎‏﻿ ‌​‍‎‏﻿ ‌​‍‎‏﻿ ‌​‍‎‏﻿ ‌​‍‎‏﻿ ‌​‍‎‏﻿ ‌​‍‎‏﻿ ‌​‍‎‏﻿ ‌​‍‎‏﻿ ‌​‍‎‏﻿ ‌​‍‎‏﻿ ‌​‍‎‏﻿ ‌​‍‎‏﻿ ‌​‍‎‏﻿ ‌​‍‎‏﻿ ‌​‍‎‏﻿ ‌​‍‎‏﻿ ‌​‍‎‏﻿ ‌​‍‎‏﻿ ‌​‍‎‏﻿ ‌​‍‎‏﻿ ‌​‍‎‏﻿ ‌​‍‎‏﻿ ‌​‍‎‏﻿ ‌​‍‎‏﻿ ‌​‍‎‏﻿ ‌​‍‎‏﻿ ‌​‍‎‏﻿ ‌​‍‎‏﻿ ‌​‍‎‏﻿ ‌​‍‎‏﻿ ‌​‍‎‏﻿ ‌​‍‎‏﻿ ‌​‍‎‏﻿ ‌​‍‎‏﻿ ‌​‍‎‏﻿ ‌​‍‎‏﻿ ‌​‍‎‏﻿ ‌​‍‎‏﻿ ‌​‍‎‏﻿ ‌​‍‎‏﻿ ‌​‍‎‏﻿ ‌​‍‎‏﻿ ‌​‍‎‏﻿ ‌​‍‎‏﻿ ‌​‍‎‏﻿ ‌​‍‎‏﻿ ‌​‍‎‏﻿ ‌​‍‎‏﻿ ‌​‍‎‏﻿ ‌​‍‎‏﻿ ‌​‍‎‏﻿ ‌​‍‎‏﻿ ‌​‍‎‏﻿ ‌​‍‎‏﻿ ‌​‍‎‏﻿ ‌​‍‎‏﻿ ‌​‍‎‏﻿ ‌​‍‎‏﻿ ‌​‍‎‏﻿ ‌​‍‎‏﻿ ‌​‍‎‏﻿ ‌​‍‎‏﻿ ‌​‍‎‏﻿ ‌​‍‎‏﻿ ‌​‍‎‏﻿ ‌​‍‎‏﻿ ‌​‍‎‏﻿ ‌​‍‎‏﻿ ‌​‍‎‏﻿ ‌​‍‎‏﻿ ‌​‍‎‏﻿ ‌​‍‎‏﻿ ‌​‍‎‏﻿ ‌​‍‎‏﻿ ‌​‍‎‏﻿ ‌​‍‎‏﻿ ‌​‍‎‏﻿ ‌​‍‎‏﻿ ‌​‍‎‏﻿ ‌​‍‎‏﻿ ‌​‍‎‏﻿ ‌​‍‎‏﻿ ‌​‍‎‏﻿ ‌​‍‎‏﻿ ‌​‍‎‏﻿ ‌​‍‎‏﻿ ‌​‍‎‏﻿ ‌​‍‎‏﻿ ‌​‍‎‏﻿ ‌​‍‎‏﻿ ‌​‍‎‏﻿ ‌​‍‎‏﻿ ‌​‍‎‏﻿ ‌​‍‎‏﻿ ‌​‍‎‏﻿ ‌​‍‎‏﻿ ‌​‍‎‏﻿ ‌​‍‎‏﻿ ‌​‍‎‏﻿ ‌​‍‎‏﻿ ‌​‍‎‏﻿ ‌​‍‎‏﻿ ‌​‍‎‏﻿ ‌​‍‎‏﻿ ‌​‍‎‏﻿ ‌​‍‎‏﻿ ‌​‍‎‏﻿ ‌​‍‎‏﻿ ‌​‍‎‏﻿ ‌​‍‎‏﻿ ‌​‍‎‏﻿ ‌​‍‎‏﻿ ‌​‍‎‏﻿ ‌​‍‎‏﻿ ‌​‍‎‏﻿ ‌​‍‎‏﻿ ‌​‍‎‏﻿ ‌​‍‎‏﻿ ‌​‍‎‏﻿ ‌​‍‎‏﻿ ‌​‍‎‏﻿ ‌​‍‎‏﻿ ‌​‍‎‏﻿ ‌​‍‎‏﻿ ‌​‍‎‏﻿ ‌​‍‎‏﻿</div>"
`;

exports[`Preview component (SSR) > renders preview text with array children 1`] = `
"<!DOCTYPE html PUBLIC "-//W3C//DTD XHTML 1.0 Transitional//EN" "http://www.w3.org/TR/xhtml1/DTD/xhtml1-transitional.dtd">

<div style="display:none;overflow:hidden;line-height:1px;opacity:0;max-height:0;max-width:0" children="Email, ,preview, ,text"> ‌​‍‎‏﻿ ‌​‍‎‏﻿ ‌​‍‎‏﻿ ‌​‍‎‏﻿ ‌​‍‎‏﻿ ‌​‍‎‏﻿ ‌​‍‎‏﻿ ‌​‍‎‏﻿ ‌​‍‎‏﻿ ‌​‍‎‏﻿ ‌​‍‎‏﻿ ‌​‍‎‏﻿ ‌​‍‎‏﻿ ‌​‍‎‏﻿ ‌​‍‎‏﻿ ‌​‍‎‏﻿ ‌​‍‎‏﻿ ‌​‍‎‏﻿ ‌​‍‎‏﻿ ‌​‍‎‏﻿ ‌​‍‎‏﻿ ‌​‍‎‏﻿ ‌​‍‎‏﻿ ‌​‍‎‏﻿ ‌​‍‎‏﻿ ‌​‍‎‏﻿ ‌​‍‎‏﻿ ‌​‍‎‏﻿ ‌​‍‎‏﻿ ‌​‍‎‏﻿ ‌​‍‎‏﻿ ‌​‍‎‏﻿ ‌​‍‎‏﻿ ‌​‍‎‏﻿ ‌​‍‎‏﻿ ‌​‍‎‏﻿ ‌​‍‎‏﻿ ‌​‍‎‏﻿ ‌​‍‎‏﻿ ‌​‍‎‏﻿ ‌​‍‎‏﻿ ‌​‍‎‏﻿ ‌​‍‎‏﻿ ‌​‍‎‏﻿ ‌​‍‎‏﻿ ‌​‍‎‏﻿ ‌​‍‎‏﻿ ‌​‍‎‏﻿ ‌​‍‎‏﻿ ‌​‍‎‏﻿ ‌​‍‎‏﻿ ‌​‍‎‏﻿ ‌​‍‎‏﻿ ‌​‍‎‏﻿ ‌​‍‎‏﻿ ‌​‍‎‏﻿ ‌​‍‎‏﻿ ‌​‍‎‏﻿ ‌​‍‎‏﻿ ‌​‍‎‏﻿ ‌​‍‎‏﻿ ‌​‍‎‏﻿ ‌​‍‎‏﻿ ‌​‍‎‏﻿ ‌​‍‎‏﻿ ‌​‍‎‏﻿ ‌​‍‎‏﻿ ‌​‍‎‏﻿ ‌​‍‎‏﻿ ‌​‍‎‏﻿ ‌​‍‎‏﻿ ‌​‍‎‏﻿ ‌​‍‎‏﻿ ‌​‍‎‏﻿ ‌​‍‎‏﻿ ‌​‍‎‏﻿ ‌​‍‎‏﻿ ‌​‍‎‏﻿ ‌​‍‎‏﻿ ‌​‍‎‏﻿ ‌​‍‎‏﻿ ‌​‍‎‏﻿ ‌​‍‎‏﻿ ‌​‍‎‏﻿ ‌​‍‎‏﻿ ‌​‍‎‏﻿ ‌​‍‎‏﻿ ‌​‍‎‏﻿ ‌​‍‎‏﻿ ‌​‍‎‏﻿ ‌​‍‎‏﻿ ‌​‍‎‏﻿ ‌​‍‎‏﻿ ‌​‍‎‏﻿ ‌​‍‎‏﻿ ‌​‍‎‏﻿ ‌​‍‎‏﻿ ‌​‍‎‏﻿ ‌​‍‎‏﻿ ‌​‍‎‏﻿ ‌​‍‎‏﻿ ‌​‍‎‏﻿ ‌​‍‎‏﻿ ‌​‍‎‏﻿ ‌​‍‎‏﻿ ‌​‍‎‏﻿ ‌​‍‎‏﻿ ‌​‍‎‏﻿ ‌​‍‎‏﻿ ‌​‍‎‏﻿ ‌​‍‎‏﻿ ‌​‍‎‏﻿ ‌​‍‎‏﻿ ‌​‍‎‏﻿ ‌​‍‎‏﻿ ‌​‍‎‏﻿ ‌​‍‎‏﻿ ‌​‍‎‏﻿ ‌​‍‎‏﻿ ‌​‍‎‏﻿ ‌​‍‎‏﻿ ‌​‍‎‏﻿ ‌​‍‎‏﻿ ‌​‍‎‏﻿ ‌​‍‎‏﻿ ‌​‍‎‏﻿ ‌​‍‎‏﻿ ‌​‍‎‏﻿ ‌​‍‎‏﻿ ‌​‍‎‏﻿ ‌​‍‎‏﻿ ‌​‍‎‏﻿ ‌​‍‎‏﻿ ‌​‍‎‏﻿ ‌​‍‎‏﻿ ‌​‍‎‏﻿ ‌​‍‎‏﻿ ‌​‍‎‏﻿ ‌​‍‎‏﻿ ‌​‍‎‏﻿ ‌​‍‎‏﻿ ‌​‍‎‏﻿ ‌​‍‎‏﻿ ‌​‍‎‏﻿ ‌​‍‎‏﻿ ‌​‍‎‏﻿ ‌​‍‎‏﻿ ‌​‍‎‏﻿ ‌​‍‎‏﻿ ‌​‍‎‏﻿</div>"
`;
